Port 5173 is in use, trying another one...
Port 5174 is in use, trying another one...
Port 5175 is in use, trying another one...
Port 5176 is in use, trying another one...
Port 5177 is in use, trying another one...
Port 5178 is in use, trying another one...
Port 5179 is in use, trying another one...
Port 5180 is in use, trying another one...
Port 5181 is in use, trying another one...
Port 5182 is in use, trying another one...
Port 5183 is in use, trying another one...

  [32m[1mVITE[22m v5.4.21[39m  [2mready in [0m[1m287[22m[2m[0m ms[22m

  [32m➜[39m  [1mLocal[22m:   [36mhttp://localhost:[1m5184[22m/[39m
  [32m➜[39m  [1mNetwork[22m: [36mhttp://10.44.1.245:[1m5184[22m/[39m
[2m11:50:45 am[22m [36m[1m[vite][22m[39m [32mhmr update [39m[2m/src/pages/PrintOnDemand.jsx, /src/index.css[22m
[2m11:50:53 am[22m [36m[1m[vite][22m[39m [32mpage reload [39m[2msrc/locales/en/printOnDemand.json[22m
[2m11:50:57 am[22m [36m[1m[vite][22m[39m [32mpage reload [39m[2msrc/locales/fr/printOnDemand.json[22m
[2m11:51:01 am[22m [36m[1m[vite][22m[39m [32mpage reload [39m[2msrc/locales/es/printOnDemand.json[22m
[2m11:51:45 am[22m [36m[1m[vite][22m[39m [32mpage reload [39m[2msrc/locales/en/printOnDemand.json[22m
[2m11:51:48 am[22m [36m[1m[vite][22m[39m [32mpage reload [39m[2msrc/locales/fr/printOnDemand.json[22m
[2m11:51:50 am[22m [36m[1m[vite][22m[39m [32mpage reload [39m[2msrc/locales/es/printOnDemand.json[22m
[2m11:52:39 am[22m [36m[1m[vite][22m[39m [32mhmr update [39m[2m/src/pages/PrintOnDemand.jsx, /src/index.css[22m
[2m11:52:42 am[22m [36m[1m[vite][22m[39m [32mhmr update [39m[2m/src/pages/PrintOnDemand.jsx, /src/index.css[22m
[2m11:52:50 am[22m [36m[1m[vite][22m[39m [32mpage reload [39m[2msrc/locales/en/printOnDemand.json[22m
[2m11:52:55 am[22m [36m[1m[vite][22m[39m [32mpage reload [39m[2msrc/locales/fr/printOnDemand.json[22m
[2m11:52:58 am[22m [36m[1m[vite][22m[39m [32mpage reload [39m[2msrc/locales/es/printOnDemand.json[22m
[2m11:53:58 am[22m [36m[1m[vite][22m[39m [32mhmr update [39m[2m/src/pages/PrintOnDemand.jsx, /src/index.css[22m
[2m11:54:00 am[22m [36m[1m[vite][22m[39m [32mpage reload [39m[2msrc/locales/en/printOnDemand.json[22m
[2m11:54:07 am[22m [36m[1m[vite][22m[39m [32mpage reload [39m[2msrc/locales/es/printOnDemand.json[22m
[2m11:55:15 am[22m [36m[1m[vite][22m[39m [32mpage reload [39m[2msrc/locales/fr/printOnDemand.json[22m
[2m11:56:51 am[22m [36m[1m[vite][22m[39m [32mhmr update [39m[2m/src/pages/PrintOnDemand.jsx, /src/index.css[22m
[2m11:56:59 am[22m [36m[1m[vite][22m[39m [32mhmr update [39m[2m/src/pages/PrintOnDemand.jsx, /src/index.css[22m
[2m11:57:04 am[22m [36m[1m[vite][22m[39m [32mhmr update [39m[2m/src/pages/PrintOnDemand.jsx, /src/index.css[22m
[2m11:57:14 am[22m [36m[1m[vite][22m[39m [32mhmr update [39m[2m/src/pages/PrintOnDemand.jsx, /src/index.css[22m
[2m11:57:16 am[22m [36m[1m[vite][22m[39m [32mhmr update [39m[2m/src/pages/PrintOnDemand.jsx, /src/index.css[22m
[2m11:58:39 am[22m [36m[1m[vite][22m[39m [32mpage reload [39m[2msrc/locales/en/printOnDemand.json[22m
[2m11:58:44 am[22m [36m[1m[vite][22m[39m [32mpage reload [39m[2msrc/locales/fr/printOnDemand.json[22m
[2m11:58:49 am[22m [36m[1m[vite][22m[39m [32mpage reload [39m[2msrc/locales/es/printOnDemand.json[22m
[2m11:59:20 am[22m [36m[1m[vite][22m[39m [32mhmr update [39m[2m/src/index.css[22m
[2m12:02:12 pm[22m [36m[1m[vite][22m[39m [32mhmr update [39m[2m/src/pages/PrintOnDemand.jsx, /src/index.css[22m
[2m12:02:17 pm[22m [36m[1m[vite][22m[39m [32mhmr update [39m[2m/src/pages/PrintOnDemand.jsx, /src/index.css[22m
[2m12:02:28 pm[22m [36m[1m[vite][22m[39m [32mhmr update [39m[2m/src/pages/PrintOnDemand.jsx, /src/index.css[22m
[2m12:02:30 pm[22m [36m[1m[vite][22m[39m [32mhmr update [39m[2m/src/pages/PrintOnDemand.jsx, /src/index.css[22m
[2m12:02:32 pm[22m [36m[1m[vite][22m[39m [32mhmr update [39m[2m/src/pages/PrintOnDemand.jsx, /src/index.css[22m
[2m12:02:33 pm[22m [36m[1m[vite][22m[39m [32mhmr update [39m[2m/src/pages/PrintOnDemand.jsx, /src/index.css[22m
[2m12:03:05 pm[22m [36m[1m[vite][22m[39m [32mpage reload [39m[2msrc/locales/en/printOnDemand.json[22m
[2m12:03:10 pm[22m [36m[1m[vite][22m[39m [32mpage reload [39m[2msrc/locales/fr/printOnDemand.json[22m
[2m12:03:15 pm[22m [36m[1m[vite][22m[39m [32mpage reload [39m[2msrc/locales/es/printOnDemand.json[22m
[2m12:05:33 pm[22m [36m[1m[vite][22m[39m [32mhmr update [39m[2m/src/pages/PrintOnDemand.jsx, /src/index.css[22m
[2m12:05:40 pm[22m [36m[1m[vite][22m[39m [32mhmr update [39m[2m/src/pages/PrintOnDemand.jsx, /src/index.css[22m
[2m12:05:56 pm[22m [36m[1m[vite][22m[39m [32mhmr update [39m[2m/src/pages/PrintOnDemand.jsx, /src/index.css[22m
[2m12:06:30 pm[22m [36m[1m[vite][22m[39m [32mpage reload [39m[2msrc/locales/en/printOnDemand.json[22m
[2m12:06:35 pm[22m [36m[1m[vite][22m[39m [32mpage reload [39m[2msrc/locales/fr/printOnDemand.json[22m
[2m12:06:40 pm[22m [36m[1m[vite][22m[39m [32mpage reload [39m[2msrc/locales/es/printOnDemand.json[22m
[2m12:08:25 pm[22m [36m[1m[vite][22m[39m [32mhmr update [39m[2m/src/pages/PrintOnDemand.jsx, /src/index.css[22m
[2m12:08:40 pm[22m [36m[1m[vite][22m[39m [32mhmr update [39m[2m/src/pages/PrintOnDemand.jsx, /src/index.css[22m
[2m12:08:44 pm[22m [36m[1m[vite][22m[39m [32mpage reload [39m[2msrc/locales/en/printOnDemand.json[22m
[2m12:08:48 pm[22m [36m[1m[vite][22m[39m [32mpage reload [39m[2msrc/locales/fr/printOnDemand.json[22m
[2m12:08:52 pm[22m [36m[1m[vite][22m[39m [32mpage reload [39m[2msrc/locales/es/printOnDemand.json[22m
[2m2:32:08 pm[22m [36m[1m[vite][22m[39m [32mhmr update [39m[2m/src/pages/Contact.jsx, /src/index.css[22m
[2m2:32:32 pm[22m [36m[1m[vite][22m[39m [32mhmr update [39m[2m/src/components/PageHero.css[22m
[2m2:33:06 pm[22m [36m[1m[vite][22m[39m [32mpage reload [39m[2msrc/locales/en/contact.json[22m
[2m2:33:10 pm[22m [36m[1m[vite][22m[39m [32mpage reload [39m[2msrc/locales/fr/contact.json[22m
[2m2:33:12 pm[22m [36m[1m[vite][22m[39m [32mpage reload [39m[2msrc/locales/es/contact.json[22m
[2m2:35:46 pm[22m [36m[1m[vite][22m[39m [32mhmr update [39m[2m/src/pages/Contact.jsx, /src/index.css[22m
[2m2:36:13 pm[22m [36m[1m[vite][22m[39m [32mpage reload [39m[2msrc/locales/en/contact.json[22m
[2m2:36:18 pm[22m [36m[1m[vite][22m[39m [32mpage reload [39m[2msrc/locales/es/contact.json[22m
[2m2:36:47 pm[22m [36m[1m[vite][22m[39m [32mpage reload [39m[2msrc/locales/fr/contact.json[22m
[2m2:37:30 pm[22m [36m[1m[vite][22m[39m [32mhmr update [39m[2m/src/index.css[22m
[2m2:37:32 pm[22m [36m[1m[vite][22m[39m [32mhmr update [39m[2m/src/index.css[22m
[2m2:38:05 pm[22m [36m[1m[vite][22m[39m [32mhmr update [39m[2m/src/index.css[22m
[2m2:40:34 pm[22m [36m[1m[vite][22m[39m [32mpage reload [39m[2msrc/locales/en/contact.json[22m
[2m2:40:36 pm[22m [36m[1m[vite][22m[39m [32mpage reload [39m[2msrc/locales/fr/contact.json[22m
[2m2:40:40 pm[22m [36m[1m[vite][22m[39m [32mpage reload [39m[2msrc/locales/es/contact.json[22m
[2m2:40:55 pm[22m [36m[1m[vite][22m[39m [32mhmr update [39m[2m/src/index.css[22m
[2m2:43:13 pm[22m [36m[1m[vite][22m[39m [32mhmr update [39m[2m/src/index.css[22m
[2m2:43:15 pm[22m [36m[1m[vite][22m[39m [32mhmr update [39m[2m/src/index.css[22m
[2m2:48:21 pm[22m [36m[1m[vite][22m[39m [32mhmr update [39m[2m/src/pages/Contact.jsx, /src/index.css[22m
[2m2:50:02 pm[22m [36m[1m[vite][22m[39m [32mhmr update [39m[2m/src/index.css[22m
[2m2:51:43 pm[22m [36m[1m[vite][22m[39m [32mhmr update [39m[2m/src/index.css[22m
[2m2:52:23 pm[22m [36m[1m[vite][22m[39m [32mpage reload [39m[2msrc/locales/en/contact.json[22m
[2m2:52:25 pm[22m [36m[1m[vite][22m[39m [32mpage reload [39m[2msrc/locales/es/contact.json[22m
[2m2:53:55 pm[22m [36m[1m[vite][22m[39m [32mpage reload [39m[2msrc/locales/fr/contact.json[22m
[2m3:09:09 pm[22m [36m[1m[vite][22m[39m [32mhmr update [39m[2m/src/index.css[22m
[2m3:09:11 pm[22m [36m[1m[vite][22m[39m [32mhmr update [39m[2m/src/index.css[22m
[2m3:15:33 pm[22m [36m[1m[vite][22m[39m [32mpage reload [39m[2msrc/locales/en/contact.json[22m
[2m3:15:35 pm[22m [36m[1m[vite][22m[39m [32mpage reload [39m[2msrc/locales/fr/contact.json[22m
[2m3:15:37 pm[22m [36m[1m[vite][22m[39m [32mpage reload [39m[2msrc/locales/es/contact.json[22m
[2m3:27:39 pm[22m [36m[1m[vite][22m[39m [32mhmr update [39m[2m/src/index.css[22m
[2m3:27:45 pm[22m [36m[1m[vite][22m[39m [32mhmr update [39m[2m/src/index.css[22m
[2m3:31:18 pm[22m [36m[1m[vite][22m[39m [32mhmr update [39m[2m/src/pages/Contact.jsx, /src/index.css[22m
[2m3:32:08 pm[22m [36m[1m[vite][22m[39m [32mpage reload [39m[2msrc/locales/en/contact.json[22m
[2m3:32:10 pm[22m [36m[1m[vite][22m[39m [32mpage reload [39m[2msrc/locales/es/contact.json[22m
[2m3:32:44 pm[22m [36m[1m[vite][22m[39m [32mpage reload [39m[2msrc/locales/fr/contact.json[22m
[2m3:33:28 pm[22m [36m[1m[vite][22m[39m [32mhmr update [39m[2m/src/index.css[22m
[2m3:33:30 pm[22m [36m[1m[vite][22m[39m [32mhmr update [39m[2m/src/index.css[22m
