Already up to date
Done in 493ms using pnpm v11.8.0
$ vite build
[36mvite v5.4.21 [32mbuilding for production...[36m[39m
transforming...
[32m✓[39m 7267 modules transformed.
rendering chunks...
computing gzip size...
[2mdist/[22m[32mindex.html                               [39m[1m[2m    1.38 kB[22m[1m[22m[2m │ gzip:   0.71 kB[22m
[2mdist/[22m[35massets/maplibre-gl-Twyd4PtP.css          [39m[1m[2m   69.96 kB[22m[1m[22m[2m │ gzip:  10.06 kB[22m
[2mdist/[22m[35massets/index-C59YHtUR.css                [39m[1m[2m  271.14 kB[22m[1m[22m[2m │ gzip:  51.92 kB[22m
[2mdist/[22m[36massets/stegaEncodeSourceMap-DvZOKyWC.js  [39m[1m[2m    7.85 kB[22m[1m[22m[2m │ gzip:   3.17 kB[22m
[2mdist/[22m[36massets/browser-CEEzcx6M.js               [39m[1m[2m   12.16 kB[22m[1m[22m[2m │ gzip:   4.76 kB[22m
[2mdist/[22m[36massets/maplibre-gl-BBjKvV0x.js           [39m[1m[33m1,053.93 kB[39m[22m[2m │ gzip: 284.93 kB[22m
[2mdist/[22m[36massets/index-gYgu1sSH.js                 [39m[1m[33m1,184.47 kB[39m[22m[2m │ gzip: 374.54 kB[22m
[2mdist/[22m[36massets/react-globe.gl-DtMnOdeg.js        [39m[1m[33m1,912.68 kB[39m[22m[2m │ gzip: 542.68 kB[22m
[33m
(!) Some chunks are larger than 500 kB after minification. Consider:
- Using dynamic import() to code-split the application
- Use build.rollupOptions.output.manualChunks to improve chunking: https://rollupjs.org/configuration-options/#output-manualchunks
- Adjust chunk size limit for this warning via build.chunkSizeWarningLimit.[39m
[32m✓ built in 16.73s[39m
EXIT:0
