Already up to date
Done in 471ms using pnpm v11.8.0
$ vite build
[36mvite v5.4.21 [32mbuilding for production...[36m[39m
transforming...
[32m✓[39m 7267 modules transformed.
rendering chunks...
computing gzip size...
[2mdist/[22m[32mindex.html                               [39m[1m[2m    1.38 kB[22m[1m[22m[2m │ gzip:   0.70 kB[22m
[2mdist/[22m[35massets/maplibre-gl-Twyd4PtP.css          [39m[1m[2m   69.96 kB[22m[1m[22m[2m │ gzip:  10.06 kB[22m
[2mdist/[22m[35massets/index-CmTe9NY-.css                [39m[1m[2m  272.32 kB[22m[1m[22m[2m │ gzip:  52.12 kB[22m
[2mdist/[22m[36massets/stegaEncodeSourceMap-DP7KdQY6.js  [39m[1m[2m    7.85 kB[22m[1m[22m[2m │ gzip:   3.17 kB[22m
[2mdist/[22m[36massets/browser-BjDSII-b.js               [39m[1m[2m   12.16 kB[22m[1m[22m[2m │ gzip:   4.76 kB[22m
[2mdist/[22m[36massets/maplibre-gl-hhKJDXyN.js           [39m[1m[33m1,053.93 kB[39m[22m[2m │ gzip: 284.93 kB[22m
[2mdist/[22m[36massets/index-elv4XQOi.js                 [39m[1m[33m1,213.87 kB[39m[22m[2m │ gzip: 381.73 kB[22m
[2mdist/[22m[36massets/react-globe.gl-HC45agEh.js        [39m[1m[33m1,912.68 kB[39m[22m[2m │ gzip: 542.68 kB[22m
[33m
(!) Some chunks are larger than 500 kB after minification. Consider:
- Using dynamic import() to code-split the application
- Use build.rollupOptions.output.manualChunks to improve chunking: https://rollupjs.org/configuration-options/#output-manualchunks
- Adjust chunk size limit for this warning via build.chunkSizeWarningLimit.[39m
[32m✓ built in 17.74s[39m
EXIT:0
